test-000 True True 6.947
test-001 True True 10.626
test-002 True True 9.298
test-003 True True 9.132
test-004 True True 7.255
test-005 True True 11.77
test-006 True True 15.794
test-007 True True 21.739
test-008 True True 16.019
test-009 True True 17.569
test-010 True True 14.782
test-011 True True 16.05
test-012 True True 25.357
test-013 True True 106.365
test-014 True True 22.524
test-015 True True 24.907
test-016 True True 21.21
test-017 True True 23.281
test-018 True True 26.627
test-019 True True 20.179
test-020 True True 41.743
test-021 True True 35.746
test-022 True True 30.015
test-023 True True 28.933
{
  "fields_exact": 24,
  "all_exact": 24,
  "validated": 24,
  "route_correct": 24,
  "proposal": 24,
  "incorrect_proposal": 0,
  "documents": 24,
  "median_seconds": 20.694
}
